Microchip MPLAB XC8 Compiler V2.05 ()

Linker command line:

-W-3 --edf=C:\Program Files (x86)\Microchip\xc8\v2.05\pic\dat\en_msgs.txt \
  -cs -h+dist/default/production\RobotBuild.X.production.sym \
  --cmf=dist/default/production\RobotBuild.X.production.cmf -z -Q16F18855 \
  -oC:\Users\user\AppData\Local\Temp\s95k.2 --defsym=__MPLAB_BUILD=1 \
  -Mdist/default/production/RobotBuild.X.production.map -E1 -ver=XC8 \
  --acfsm=1493 -ASTACK=02140h-023EFh -pstack=STACK -ACODE=00h-07FFhx4 \
  -ASTRCODE=00h-01FFFh -ASTRING=00h-0FFhx32 -ACONST=00h-0FFhx32 \
  -AENTRY=00h-0FFhx32 -ACOMMON=070h-07Fh -ABANK0=020h-06Fh \
  -ABANK1=0A0h-0EFh -ABANK2=0120h-016Fh -ABANK3=01A0h-01EFh \
  -ABANK4=0220h-026Fh -ABANK5=02A0h-02EFh -ABANK6=0320h-036Fh \
  -ABANK7=03A0h-03EFh -ABANK8=0420h-046Fh -ABANK9=04A0h-04EFh \
  -ABANK10=0520h-056Fh -ABANK11=05A0h-05EFh -ABANK12=0620h-064Fh \
  -ABIGRAM=02000h-023EFh \
  -ARAM=020h-06Fh,0A0h-0EFh,0120h-016Fh,01A0h-01EFh,0220h-026Fh,02A0h-02EFh,0320h-036Fh,03A0h-03EFh,0420h-046Fh,04A0h-04EFh,0520h-056Fh,05A0h-05EFh,0620h-064Fh \
  -AABS1=020h-07Fh,0A0h-0EFh,0120h-016Fh,01A0h-01EFh,0220h-026Fh,02A0h-02EFh,0320h-036Fh,03A0h-03EFh,0420h-046Fh,04A0h-04EFh,0520h-056Fh,05A0h-05EFh,0620h-064Fh \
  -ASFR0=00h-01Fh -ASFR1=080h-09Fh -ASFR2=0100h-011Fh -ASFR3=0180h-019Fh \
  -ASFR4=0200h-021Fh -ASFR5=0280h-029Fh -ASFR6=0300h-031Fh \
  -ASFR7=0380h-039Fh -ASFR8=0400h-041Fh -ASFR9=0480h-049Fh \
  -ASFR10=0500h-051Fh -ASFR11=0580h-059Fh -ASFR12=0600h-061Fh \
  -ASFR13=0680h-06EFh -ASFR14=0700h-076Fh -ASFR15=0780h-07EFh \
  -ASFR16=0800h-086Fh -ASFR17=0880h-08EFh -ASFR18=0900h-096Fh \
  -ASFR19=0980h-09EFh -ASFR20=0A00h-0A6Fh -ASFR21=0A80h-0AEFh \
  -ASFR22=0B00h-0B6Fh -ASFR23=0B80h-0BEFh -ASFR24=0C00h-0C6Fh \
  -ASFR25=0C80h-0CEFh -ASFR26=0D00h-0D6Fh -ASFR27=0D80h-0DEFh \
  -ASFR28=0E00h-0E6Fh -ASFR29=0E80h-0EEFh -ASFR30=0F00h-0F6Fh \
  -ASFR31=0F80h-0FEFh -preset_vec=00h,intentry,init,end_init -ppowerup=CODE \
  -pcinit=CODE -pfunctab=ENTRY -ACONFIG=08007h-0800Bh -pconfig=CONFIG \
  -DCONFIG=2 -AIDLOC=08000h-08003h -pidloc=IDLOC -DIDLOC=2 \
  -AEEDATA=00h-0FFh/0F000h -peeprom_data=EEDATA -DEEDATA=2 -DCODE=2 \
  -DSTRCODE=2 -DSTRING=2 -DCONST=2 -DENTRY=2 -k \
  C:\Users\user\AppData\Local\Temp\s95k.o \
  dist/default/production\RobotBuild.X.production.o 

Object code version is 3.11

Machine type is 16F18855



                Name                               Link     Load   Length Selector   Space Scale
C:\Users\user\AppData\Local\Temp\s95k.o
                end_init                              2        2        2        0       0
                reset_vec                             0        0        2        0       0
                config                             8007     8007        5    1000E       0
dist/default/production\RobotBuild.X.production.o
                cinit                               7EC      7EC       14      FD8       0
                text54                             170D     170D       F3     2E1A       0
                text53                             1631     1631       DC     2C62       0
                text52                             1F7D     1F7D       17     3EFA       0
                text51                             1ECA     1ECA        8     3D94       0
                text50                             1E9C     1E9C        5     3D38       0
                text49                             10FA     10FA       35     21F4       0
                text48                                5        5       26        A       0
                text47                             1FAB     1FAB       18     3F56       0
                text46                             120A     120A       50     2414       0
                text45                              863      863      151     10C6       0
                text44                              812      812       51     1024       0
                text43                             112F     112F       45     225E       0
                text42                               2B       2B      17A       56       0
                text41                             1174     1174       48     22E8       0
                text40                             13A4     13A4       7C     2748       0
                text39                             1FE1     1FE1       1F     3FC2       0
                text38                              B9D      B9D      22C     173A       0
                text37                             1EDA     1EDA        9     3DB4       0
                text36                              9B4      9B4      1E9     1368       0
                text35                             101B     101B       1F     2036       0
                text34                             125A     125A       65     24B4       0
                text33                             132C     132C       78     2658       0
                text32                             1559     1559       D8     2AB2       0
                text31                             103A     103A       1F     2074       0
                text30                             1F94     1F94       17     3F28       0
                text29                             1059     1059       21     20B2       0
                text28                              1A5      1A5      647      34A       0
                text27                             11BC     11BC       4E     2378       0
                text26                              DC9      DC9      237     1B92       0
                text25                             109B     109B       2F     2136       0
                text24                             1F51     1F51       16     3EA2       0
                text23                             1F27     1F27       15     3E4E       0
                text22                             1EA1     1EA1        5     3D42       0
                text21                             1EA6     1EA6        6     3D4C       0
                text20                             1F3C     1F3C       15     3E78       0
                text19                             1F14     1F14       13     3E28       0
                text18                             1EAC     1EAC        6     3D58       0
                text17                             1EB2     1EB2        6     3D64       0
                text16                             1EB8     1EB8        6     3D70       0
                text15                             107A     107A       21     20F4       0
                text14                             1EE3     1EE3        9     3DC6       0
                text13                             10CA     10CA       30     2194       0
                text12                             1ED2     1ED2        8     3DA4       0
                text11                             1EEC     1EEC        B     3DD8       0
                text10                             1F67     1F67       16     3ECE       0
                text9                              1F05     1F05        F     3E0A       0
                text8                              1EF7     1EF7        E     3DEE       0
                text7                              1000     1000       1B     1B92       0
                text6                              1EBE     1EBE        6     3D7C       0
                text5                              1FC3     1FC3       1E     3F86       0
                text4                               800      800        3      FD8       0
                text3                               803      803        F     1006       0
                text2                              1420     1420       96     2840       0
                text1                              12BF     12BF       6D     257E       0
                maintext                           14B6     14B6       A3     296C       0
                cstackBANK0                          20       20       4F       20       1
                cstackCOMMON                         70       70        E       70       1
                cstackBANK1                          A0       A0       4F       A0       1
                cstackBANK2                         120      120       1A      120       1
                clrtext                            1EC4     1EC4        6     3D88       0
                bssBANK3                            1A0      1A0       50      1A0       1
                bssBANK2                            13A      13A       10      120       1
                bssBANK0                             6F       6F        1       20       1
                stringtext11                       1879     1879        3     3000       0
                stringtext10                       1875     1875        4     3000       0
                stringtext9                        1871     1871        4     3000       0
                stringtext8                        186D     186D        4     3000       0
                stringtext7                        1869     1869        4     3000       0
                stringtext6                        185C     185C        D     3000       0
                stringtext5                        184D     184D        F     3000       0
                stringtext4                        183D     183D       10     3000       0
                stringtext3                        182D     182D       10     3000       0
                stringtext2                        181A     181A       13     3000       0
                stringtext1                        1800     1800       1A     3000       0
                nvBANK2                             14A      14A        8      120       1

TOTAL           Name                               Link     Load   Length     Space
        CLASS   STACK          

        CLASS   CODE           
                end_init                              2        2        2         0
                cinit                               7EC      7EC       14         0
                reset_vec                             0        0        2         0
                text54                             170D     170D       F3         0
                text53                             1631     1631       DC         0
                text52                             1F7D     1F7D       17         0
                text51                             1ECA     1ECA        8         0
                text50                             1E9C     1E9C        5         0
                text49                             10FA     10FA       35         0
                text48                                5        5       26         0
                text47                             1FAB     1FAB       18         0
                text46                             120A     120A       50         0
                text45                              863      863      151         0
                text44                              812      812       51         0
                text43                             112F     112F       45         0
                text42                               2B       2B      17A         0
                text41                             1174     1174       48         0
                text40                             13A4     13A4       7C         0
                text39                             1FE1     1FE1       1F         0
                text38                              B9D      B9D      22C         0
                text37                             1EDA     1EDA        9         0
                text36                              9B4      9B4      1E9         0
                text35                             101B     101B       1F         0
                text34                             125A     125A       65         0
                text33                             132C     132C       78         0
                text32                             1559     1559       D8         0
                text31                             103A     103A       1F         0
                text30                             1F94     1F94       17         0
                text29                             1059     1059       21         0
                text28                              1A5      1A5      647         0
                text27                             11BC     11BC       4E         0
                text26                              DC9      DC9      237         0
                text25                             109B     109B       2F         0
                text24                             1F51     1F51       16         0
                text23                             1F27     1F27       15         0
                text22                             1EA1     1EA1        5         0
                text21                             1EA6     1EA6        6         0
                text20                             1F3C     1F3C       15         0
                text19                             1F14     1F14       13         0
                text18                             1EAC     1EAC        6         0
                text17                             1EB2     1EB2        6         0
                text16                             1EB8     1EB8        6         0
                text15                             107A     107A       21         0
                text14                             1EE3     1EE3        9         0
                text13                             10CA     10CA       30         0
                text12                             1ED2     1ED2        8         0
                text11                             1EEC     1EEC        B         0
                text10                             1F67     1F67       16         0
                text9                              1F05     1F05        F         0
                text8                              1EF7     1EF7        E         0
                text7                              1000     1000       1B         0
                text6                              1EBE     1EBE        6         0
                text5                              1FC3     1FC3       1E         0
                text4                               800      800        3         0
                text3                               803      803        F         0
                text2                              1420     1420       96         0
                text1                              12BF     12BF       6D         0
                maintext                           14B6     14B6       A3         0
                clrtext                            1EC4     1EC4        6         0

        CLASS   STRCODE        
                stringtext11                       1879     1879        3         0
                stringtext10                       1875     1875        4         0
                stringtext9                        1871     1871        4         0
                stringtext8                        186D     186D        4         0
                stringtext7                        1869     1869        4         0
                stringtext6                        185C     185C        D         0
                stringtext5                        184D     184D        F         0
                stringtext4                        183D     183D       10         0
                stringtext3                        182D     182D       10         0
                stringtext2                        181A     181A       13         0
                stringtext1                        1800     1800       1A         0

        CLASS   STRING         

        CLASS   CONST          

        CLASS   ENTRY          

        CLASS   COMMON         
                cstackCOMMON                         70       70        E         1

        CLASS   BANK0          
                cstackBANK0                          20       20       4F         1
                bssBANK0                             6F       6F        1         1

        CLASS   BANK1          
                cstackBANK1                          A0       A0       4F         1

        CLASS   BANK2          
                cstackBANK2                         120      120       1A         1
                bssBANK2                            13A      13A       10         1
                nvBANK2                             14A      14A        8         1

        CLASS   BANK3          
                bssBANK3                            1A0      1A0       50         1

        CLASS   BANK4          

        CLASS   BANK5          

        CLASS   BANK6          

        CLASS   BANK7          

        CLASS   BANK8          

        CLASS   BANK9          

        CLASS   BANK10         

        CLASS   BANK11         

        CLASS   BANK12         

        CLASS   BIGRAM         

        CLASS   RAM            

        CLASS   ABS1           
                abs_s1                               7E       7E        2         1

        CLASS   SFR0           

        CLASS   SFR1           

        CLASS   SFR2           

        CLASS   SFR3           

        CLASS   SFR4           

        CLASS   SFR5           

        CLASS   SFR6           

        CLASS   SFR7           

        CLASS   SFR8           

        CLASS   SFR9           

        CLASS   SFR10          

        CLASS   SFR11          

        CLASS   SFR12          

        CLASS   SFR13          

        CLASS   SFR14          

        CLASS   SFR15          

        CLASS   SFR16          

        CLASS   SFR17          

        CLASS   SFR18          

        CLASS   SFR19          

        CLASS   SFR20          

        CLASS   SFR21          

        CLASS   SFR22          

        CLASS   SFR23          

        CLASS   SFR24          

        CLASS   SFR25          

        CLASS   SFR26          

        CLASS   SFR27          

        CLASS   SFR28          

        CLASS   SFR29          

        CLASS   SFR30          

        CLASS   SFR31          

        CLASS   CONFIG         
                config                             8007     8007        5         0

        CLASS   IDLOC          

        CLASS   EEDATA         

        CLASS   BANK31         

        CLASS   BANK30         

        CLASS   BANK29         

        CLASS   BANK28         

        CLASS   BANK27         

        CLASS   BANK26         

        CLASS   BANK25         

        CLASS   BANK24         

        CLASS   BANK23         

        CLASS   BANK22         

        CLASS   BANK21         

        CLASS   BANK20         

        CLASS   BANK19         

        CLASS   BANK18         

        CLASS   BANK17         

        CLASS   BANK16         

        CLASS   BANK15         

        CLASS   BANK14         

        CLASS   BANK13         



SEGMENTS        Name                           Load    Length   Top    Selector   Space  Class     Delta

                reset_vec                      000000  000004  000004         0       0  CODE        2
                text48                         000005  000026  00002B         A       0  CODE        2
                cstackBANK0                    000020  000050  000070        20       1  BANK0       1
                text42                         00002B  00017A  0001A5        56       0  CODE        2
                cstackCOMMON                   000070  00000E  00007E        70       1  COMMON      1
                cstackBANK1                    0000A0  00004F  0000EF        A0       1  BANK1       1
                cstackBANK2                    000120  000032  000152       120       1  BANK2       1
                bssBANK3                       0001A0  000050  0001F0       1A0       1  BANK3       1
                text28                         0001A5  000647  0007EC       34A       0  CODE        2
                cinit                          0007EC  000017  000803       FD8       0  CODE        2
                text3                          000803  00000F  000812      1006       0  CODE        2
                text44                         000812  000051  000863      1024       0  CODE        2
                text45                         000863  000151  0009B4      10C6       0  CODE        2
                text36                         0009B4  0001E9  000B9D      1368       0  CODE        2
                text38                         000B9D  00022C  000DC9      173A       0  CODE        2
                text26                         000DC9  000252  00101B      1B92       0  CODE        2
                text35                         00101B  00001F  00103A      2036       0  CODE        2
                text31                         00103A  00001F  001059      2074       0  CODE        2
                text29                         001059  000021  00107A      20B2       0  CODE        2
                text15                         00107A  000021  00109B      20F4       0  CODE        2
                text25                         00109B  00002F  0010CA      2136       0  CODE        2
                text13                         0010CA  000030  0010FA      2194       0  CODE        2
                text49                         0010FA  000035  00112F      21F4       0  CODE        2
                text43                         00112F  000045  001174      225E       0  CODE        2
                text41                         001174  000048  0011BC      22E8       0  CODE        2
                text27                         0011BC  00004E  00120A      2378       0  CODE        2
                text46                         00120A  000050  00125A      2414       0  CODE        2
                text34                         00125A  000065  0012BF      24B4       0  CODE        2
                text1                          0012BF  00006D  00132C      257E       0  CODE        2
                text33                         00132C  000078  0013A4      2658       0  CODE        2
                text40                         0013A4  00007C  001420      2748       0  CODE        2
                text2                          001420  000096  0014B6      2840       0  CODE        2
                maintext                       0014B6  0000A3  001559      296C       0  CODE        2
                text32                         001559  0000D8  001631      2AB2       0  CODE        2
                text53                         001631  0000DC  00170D      2C62       0  CODE        2
                text54                         00170D  0000F3  001800      2E1A       0  CODE        2
                stringtext1                    001800  00007C  00187C      3000       0  STRCODE     2
                text50                         001E9C  000005  001EA1      3D38       0  CODE        2
                text22                         001EA1  000005  001EA6      3D42       0  CODE        2
                text21                         001EA6  000006  001EAC      3D4C       0  CODE        2
                text18                         001EAC  000006  001EB2      3D58       0  CODE        2
                text17                         001EB2  000006  001EB8      3D64       0  CODE        2
                text16                         001EB8  000006  001EBE      3D70       0  CODE        2
                text6                          001EBE  000006  001EC4      3D7C       0  CODE        2
                clrtext                        001EC4  000006  001ECA      3D88       0  CODE        2
                text51                         001ECA  000008  001ED2      3D94       0  CODE        2
                text12                         001ED2  000008  001EDA      3DA4       0  CODE        2
                text37                         001EDA  000009  001EE3      3DB4       0  CODE        2
                text14                         001EE3  000009  001EEC      3DC6       0  CODE        2
                text11                         001EEC  00000B  001EF7      3DD8       0  CODE        2
                text8                          001EF7  00000E  001F05      3DEE       0  CODE        2
                text9                          001F05  00000F  001F14      3E0A       0  CODE        2
                text19                         001F14  000013  001F27      3E28       0  CODE        2
                text23                         001F27  000015  001F3C      3E4E       0  CODE        2
                text20                         001F3C  000015  001F51      3E78       0  CODE        2
                text24                         001F51  000016  001F67      3EA2       0  CODE        2
                text10                         001F67  000016  001F7D      3ECE       0  CODE        2
                text52                         001F7D  000017  001F94      3EFA       0  CODE        2
                text30                         001F94  000017  001FAB      3F28       0  CODE        2
                text47                         001FAB  000018  001FC3      3F56       0  CODE        2
                text5                          001FC3  00001E  001FE1      3F86       0  CODE        2
                text39                         001FE1  00001F  002000      3FC2       0  CODE        2
                config                         008007  000005  00800C     1000E       0  CONFIG      2


UNUSED ADDRESS RANGES

        Name                Unused          Largest block    Delta
        BANK1            000EF-000EF               1           1
        BANK10           00520-0056F              50           1
        BANK11           005A0-005EF              50           1
        BANK12           00620-0064F              30           1
        BANK2            00152-0016F              1E           1
        BANK4            00220-0026F              50           1
        BANK5            002A0-002EF              50           1
        BANK6            00320-0036F              50           1
        BANK7            003A0-003EF              50           1
        BANK8            00420-0046F              50           1
        BANK9            004A0-004EF              50           1
        BIGRAM           02000-023EF             3F0           1
        CODE             00004-00004               1           2
                         0187C-01E9B             620
        CONST            00004-00004               1           2
                         0187C-01E9B             100
        EEDATA           0F000-0F0FF             100           2
        ENTRY            00004-00004               1           2
                         0187C-01E9B             100
        IDLOC            08000-08003               4           2
        RAM              000EF-000EF               1           1
                         00152-0016F              1E
                         00220-0026F              50
                         002A0-002EF              50
                         00320-0036F              50
                         003A0-003EF              50
                         00420-0046F              50
                         004A0-004EF              50
                         00520-0056F              50
                         005A0-005EF              50
                         00620-0064F              30
        SFR0             00000-0001F              20           1
        SFR1             00080-0009F              20           1
        SFR10            00500-0051F              20           1
        SFR11            00580-0059F              20           1
        SFR12            00600-0061F              20           1
        SFR13            00680-006EF              70           1
        SFR14            00700-0076F              70           1
        SFR15            00780-007EF              70           1
        SFR16            00800-0086F              70           1
        SFR17            00880-008EF              70           1
        SFR18            00900-0096F              70           1
        SFR19            00980-009EF              70           1
        SFR2             00100-0011F              20           1
        SFR20            00A00-00A6F              70           1
        SFR21            00A80-00AEF              70           1
        SFR22            00B00-00B6F              70           1
        SFR23            00B80-00BEF              70           1
        SFR24            00C00-00C6F              70           1
        SFR25            00C80-00CEF              70           1
        SFR26            00D00-00D6F              70           1
        SFR27            00D80-00DEF              70           1
        SFR28            00E00-00E6F              70           1
        SFR29            00E80-00EEF              70           1
        SFR3             00180-0019F              20           1
        SFR30            00F00-00F6F              70           1
        SFR31            00F80-00FEF              70           1
        SFR4             00200-0021F              20           1
        SFR5             00280-0029F              20           1
        SFR6             00300-0031F              20           1
        SFR7             00380-0039F              20           1
        SFR8             00400-0041F              20           1
        SFR9             00480-0049F              20           1
        STACK            02140-023EF             2B0           1
        STRCODE          00004-00004               1           2
                         0187C-01E9B             620
        STRING           00004-00004               1           2
                         0187C-01E9B             100

                                  Symbol Table

?_TMR1_ReadTimer                               cstackCOMMON 00070
?__Umul8_16                                    cstackCOMMON 00070
?___aodiv                                      cstackBANK0  00020
?___aomod                                      cstackBANK0  00020
?___awdiv                                      cstackCOMMON 00070
?___awmod                                      cstackCOMMON 00070
?___fladd                                      cstackCOMMON 00070
?___fldiv                                      cstackCOMMON 00070
?___flmul                                      cstackBANK0  0002E
?___flneg                                      cstackCOMMON 00070
?___flsub                                      cstackBANK0  00048
?___fltol                                      cstackCOMMON 00070
?___fpclassifyf                                cstackCOMMON 00070
?___xxtofl                                     cstackBANK0  00020
?_abs                                          cstackCOMMON 00073
?_dtoa                                         cstackBANK0  00030
?_echo                                         cstackBANK2  00126
?_efgtoa                                       cstackBANK0  00054
?_floorf                                       cstackBANK0  0002D
?_isupper                                      cstackCOMMON 00070
?_pad                                          cstackBANK0  00024
?_printf                                       cstackBANK2  00120
?_strlen                                       cstackCOMMON 00070
?_strncmp                                      cstackCOMMON 00070
?_tolower                                      cstackCOMMON 00076
?_vfpfcnvrt                                    cstackBANK0  0005D
?_vfprintf                                     cstackBANK0  00065
EUSART_SetErrorHandler@interruptHandler        cstackCOMMON 00070
EUSART_SetFramingErrorHandler@interruptHandler cstackCOMMON 00070
EUSART_SetOverrunErrorHandler@interruptHandler cstackCOMMON 00070
EUSART_Write@txData                            cstackCOMMON 00070
TMR1_ReadTimer@readVal                         cstackCOMMON 00077
TMR1_ReadTimer@readValHigh                     cstackCOMMON 00079
TMR1_ReadTimer@readValLow                      cstackCOMMON 0007A
TMR1_WriteTimer@timerVal                       cstackCOMMON 00070
_ANSELA                                        (abs)        00F38
_ANSELB                                        (abs)        00F43
_ANSELC                                        (abs)        00F4E
_BAUD1CON                                      (abs)        0011F
_Backwards                                     text23       01F27
_CCPTMRS1bits                                  (abs)        0021F
_CLC1CON                                       (abs)        00E10
_CLC1CONbits                                   (abs)        00E10
_CLC1GLS0                                      (abs)        00E16
_CLC1GLS1                                      (abs)        00E17
_CLC1GLS2                                      (abs)        00E18
_CLC1GLS3                                      (abs)        00E19
_CLC1POL                                       (abs)        00E11
_CLC1SEL0                                      (abs)        00E12
_CLC1SEL1                                      (abs)        00E13
_CLC1SEL2                                      (abs)        00E14
_CLC1SEL3                                      (abs)        00E15
_CLC1_Initialize                               text19       01F14
_CLC1_OutputStatusGet                          text22       01EA1
_EUSART_DefaultErrorHandler                    (abs)        00000
_EUSART_DefaultFramingErrorHandler             (abs)        00000
_EUSART_DefaultOverrunErrorHandler             (abs)        00000
_EUSART_ErrorHandler                           nvBANK2      0014A
_EUSART_FramingErrorHandler                    nvBANK2      0014E
_EUSART_Initialize                             text15       0107A
_EUSART_OverrunErrorHandler                    nvBANK2      0014C
_EUSART_SetErrorHandler                        text18       01EAC
_EUSART_SetFramingErrorHandler                 text17       01EB2
_EUSART_SetOverrunErrorHandler                 text16       01EB8
_EUSART_Write                                  text51       01ECA
_Forward                                       text21       01EA6
_LATA                                          (abs)        00016
_LATAbits                                      (abs)        00016
_LATB                                          (abs)        00017
_LATBbits                                      (abs)        00017
_LATC                                          (abs)        00018
_LATCbits                                      (abs)        00018
_ODCONA                                        (abs)        00F3A
_ODCONB                                        (abs)        00F45
_ODCONC                                        (abs)        00F50
_OSCCON1                                       (abs)        0088D
_OSCCON3                                       (abs)        0088F
_OSCEN                                         (abs)        00891
_OSCFRQ                                        (abs)        00893
_OSCILLATOR_Initialize                         text14       01EE3
_OSCTUNE                                       (abs)        00892
_PIN_MANAGER_Initialize                        text13       010CA
_PIR3bits                                      (abs)        0070F
_PIR4bits                                      (abs)        00710
_PMD0                                          (abs)        00796
_PMD1                                          (abs)        00797
_PMD2                                          (abs)        00798
_PMD3                                          (abs)        00799
_PMD4                                          (abs)        0079A
_PMD5                                          (abs)        0079B
_PMD_Initialize                                text12       01ED2
_PR2                                           (abs)        0028D
_PR6                                           (abs)        00299
_PWM7CON                                       (abs)        00392
_PWM7DCH                                       (abs)        00391
_PWM7DCL                                       (abs)        00390
_PWM7_Initialize                               text11       01EEC
_RC0PPS                                        (abs)        00F20
_RC1REG                                        (abs)        00119
_RC1STA                                        (abs)        0011D
_RC1STAbits                                    (abs)        0011D
_RC4PPS                                        (abs)        00F24
_RXPPS                                         (abs)        00ECB
_Right                                         text20       01F3C
_SLRCONA                                       (abs)        00F3B
_SLRCONB                                       (abs)        00F46
_SLRCONC                                       (abs)        00F51
_SP1BRGH                                       (abs)        0011C
_SP1BRGL                                       (abs)        0011B
_SYSTEM_Initialize                             text7        01000
_Stop                                          text6        01EBE
_T1CLK                                         (abs)        00211
_T1CON                                         (abs)        0020E
_T1CONbits                                     (abs)        0020E
_T1GATE                                        (abs)        00210
_T1GCON                                        (abs)        0020F
_T1GCONbits                                    (abs)        0020F
_T1GPPS                                        (abs)        00E93
_T2AINPPS                                      (abs)        00E9C
_T2CLKCON                                      (abs)        00290
_T2CON                                         (abs)        0028E
_T2CONbits                                     (abs)        0028E
_T2HLT                                         (abs)        0028F
_T2HLTbits                                     (abs)        0028F
_T2PR                                          (abs)        0028D
_T2RST                                         (abs)        00291
_T2RSTbits                                     (abs)        00291
_T2TMR                                         (abs)        0028C
_T6AINPPS                                      (abs)        00E9E
_T6CLKCON                                      (abs)        0029C
_T6CON                                         (abs)        0029A
_T6CONbits                                     (abs)        0029A
_T6HLT                                         (abs)        0029B
_T6HLTbits                                     (abs)        0029B
_T6PR                                          (abs)        00299
_T6RST                                         (abs)        0029D
_T6RSTbits                                     (abs)        0029D
_T6TMR                                         (abs)        00298
_TMR1GIF                                       (abs)        03888
_TMR1H                                         (abs)        0020D
_TMR1L                                         (abs)        0020C
_TMR1_Initialize                               text10       01F67
_TMR1_ReadTimer                                text5        01FC3
_TMR1_StartSinglePulseAcquisition              text4        00800
_TMR1_WriteTimer                               text3        00803
_TMR2                                          (abs)        0028C
_TMR2_Initialize                               text9        01F05
_TMR6                                          (abs)        00298
_TMR6_Initialize                               text8        01EF7
_TRISA                                         (abs)        00011
_TRISB                                         (abs)        00012
_TRISC                                         (abs)        00013
_TX1REG                                        (abs)        0011A
_TX1STA                                        (abs)        0011E
_TX1STAbits                                    (abs)        0011E
_WPUA                                          (abs)        00F39
_WPUB                                          (abs)        00F44
_WPUC                                          (abs)        00F4F
_WPUE                                          (abs)        00F65
__CFG_BOREN$ON                                 (abs)        00000
__CFG_BORV$LO                                  (abs)        00000
__CFG_CLKOUTEN$OFF                             (abs)        00000
__CFG_CP$OFF                                   (abs)        00000
__CFG_CPD$OFF                                  (abs)        00000
__CFG_CSWEN$ON                                 (abs)        00000
__CFG_DEBUG$OFF                                (abs)        00000
__CFG_FCMEN$ON                                 (abs)        00000
__CFG_FEXTOSC$OFF                              (abs)        00000
__CFG_LPBOREN$OFF                              (abs)        00000
__CFG_LVP$ON                                   (abs)        00000
__CFG_MCLRE$ON                                 (abs)        00000
__CFG_PPS1WAY$ON                               (abs)        00000
__CFG_PWRTE$OFF                                (abs)        00000
__CFG_RSTOSC$HFINT1                            (abs)        00000
__CFG_SCANE$available                          (abs)        00000
__CFG_STVREN$ON                                (abs)        00000
__CFG_WDTCCS$SC                                (abs)        00000
__CFG_WDTCPS$WDTCPS_31                         (abs)        00000
__CFG_WDTCWS$WDTCWS_7                          (abs)        00000
__CFG_WDTE$OFF                                 (abs)        00000
__CFG_WRT$OFF                                  (abs)        00000
__CFG_ZCD$OFF                                  (abs)        00000
__Habs1                                        abs1         00000
__Hbank0                                       bank0        00000
__Hbank1                                       bank1        00000
__Hbank10                                      bank10       00000
__Hbank11                                      bank11       00000
__Hbank12                                      bank12       00000
__Hbank13                                      bank13       00000
__Hbank14                                      bank14       00000
__Hbank15                                      bank15       00000
__Hbank16                                      bank16       00000
__Hbank17                                      bank17       00000
__Hbank18                                      bank18       00000
__Hbank19                                      bank19       00000
__Hbank2                                       bank2        00000
__Hbank20                                      bank20       00000
__Hbank21                                      bank21       00000
__Hbank22                                      bank22       00000
__Hbank23                                      bank23       00000
__Hbank24                                      bank24       00000
__Hbank25                                      bank25       00000
__Hbank26                                      bank26       00000
__Hbank27                                      bank27       00000
__Hbank28                                      bank28       00000
__Hbank29                                      bank29       00000
__Hbank3                                       bank3        00000
__Hbank30                                      bank30       00000
__Hbank31                                      bank31       00000
__Hbank4                                       bank4        00000
__Hbank5                                       bank5        00000
__Hbank6                                       bank6        00000
__Hbank7                                       bank7        00000
__Hbank8                                       bank8        00000
__Hbank9                                       bank9        00000
__Hbigram                                      bigram       00000
__HbssBANK0                                    bssBANK0     00000
__HbssBANK2                                    bssBANK2     00000
__HbssBANK3                                    bssBANK3     00000
__Hcinit                                       cinit        00800
__Hclrtext                                     clrtext      00000
__Hcode                                        code         00000
__Hcommon                                      common       00000
__Hconfig                                      config       0800C
__HcstackBANK0                                 cstackBANK0  00000
__HcstackBANK1                                 cstackBANK1  00000
__HcstackBANK2                                 cstackBANK2  00000
__HcstackCOMMON                                cstackCOMMON 00000
__Heeprom_data                                 eeprom_data  00000
__Hend_init                                    end_init     00004
__Hfunctab                                     functab      00000
__Hidloc                                       idloc        00000
__Hinit                                        init         00002
__Hintentry                                    intentry     00002
__Hmaintext                                    maintext     00000
__HnvBANK2                                     nvBANK2      00000
__Hpowerup                                     powerup      00000
__Hram                                         ram          00000
__Hreset_vec                                   reset_vec    00002
__Hsfr0                                        sfr0         00000
__Hsfr1                                        sfr1         00000
__Hsfr10                                       sfr10        00000
__Hsfr11                                       sfr11        00000
__Hsfr12                                       sfr12        00000
__Hsfr13                                       sfr13        00000
__Hsfr14                                       sfr14        00000
__Hsfr15                                       sfr15        00000
__Hsfr16                                       sfr16        00000
__Hsfr17                                       sfr17        00000
__Hsfr18                                       sfr18        00000
__Hsfr19                                       sfr19        00000
__Hsfr2                                        sfr2         00000
__Hsfr20                                       sfr20        00000
__Hsfr21                                       sfr21        00000
__Hsfr22                                       sfr22        00000
__Hsfr23                                       sfr23        00000
__Hsfr24                                       sfr24        00000
__Hsfr25                                       sfr25        00000
__Hsfr26                                       sfr26        00000
__Hsfr27                                       sfr27        00000
__Hsfr28                                       sfr28        00000
__Hsfr29                                       sfr29        00000
__Hsfr3                                        sfr3         00000
__Hsfr30                                       sfr30        00000
__Hsfr31                                       sfr31        00000
__Hsfr4                                        sfr4         00000
__Hsfr5                                        sfr5         00000
__Hsfr6                                        sfr6         00000
__Hsfr7                                        sfr7         00000
__Hsfr8                                        sfr8         00000
__Hsfr9                                        sfr9         00000
__Hspace_0                                     (abs)        0800C
__Hspace_1                                     (abs)        001F0
__Hspace_2                                     (abs)        00000
__Hspace_3                                     (abs)        00000
__Hstack                                       stack        00000
__Hstrings                                     strings      00000
__Hstringtext1                                 stringtext1  00000
__Hstringtext10                                stringtext10 00000
__Hstringtext11                                stringtext11 00000
__Hstringtext12                                stringtext12 00000
__Hstringtext2                                 stringtext2  00000
__Hstringtext3                                 stringtext3  00000
__Hstringtext4                                 stringtext4  00000
__Hstringtext5                                 stringtext5  00000
__Hstringtext6                                 stringtext6  00000
__Hstringtext7                                 stringtext7  00000
__Hstringtext8                                 stringtext8  00000
__Hstringtext9                                 stringtext9  00000
__Htext                                        text         00000
__Labs1                                        abs1         00000
__Lbank0                                       bank0        00000
__Lbank1                                       bank1        00000
__Lbank10                                      bank10       00000
__Lbank11                                      bank11       00000
__Lbank12                                      bank12       00000
__Lbank13                                      bank13       00000
__Lbank14                                      bank14       00000
__Lbank15                                      bank15       00000
__Lbank16                                      bank16       00000
__Lbank17                                      bank17       00000
__Lbank18                                      bank18       00000
__Lbank19                                      bank19       00000
__Lbank2                                       bank2        00000
__Lbank20                                      bank20       00000
__Lbank21                                      bank21       00000
__Lbank22                                      bank22       00000
__Lbank23                                      bank23       00000
__Lbank24                                      bank24       00000
__Lbank25                                      bank25       00000
__Lbank26                                      bank26       00000
__Lbank27                                      bank27       00000
__Lbank28                                      bank28       00000
__Lbank29                                      bank29       00000
__Lbank3                                       bank3        00000
__Lbank30                                      bank30       00000
__Lbank31                                      bank31       00000
__Lbank4                                       bank4        00000
__Lbank5                                       bank5        00000
__Lbank6                                       bank6        00000
__Lbank7                                       bank7        00000
__Lbank8                                       bank8        00000
__Lbank9                                       bank9        00000
__Lbigram                                      bigram       00000
__LbssBANK0                                    bssBANK0     00000
__LbssBANK2                                    bssBANK2     00000
__LbssBANK3                                    bssBANK3     00000
__Lcinit                                       cinit        007EC
__Lclrtext                                     clrtext      00000
__Lcode                                        code         00000
__Lcommon                                      common       00000
__Lconfig                                      config       08007
__LcstackBANK0                                 cstackBANK0  00000
__LcstackBANK1                                 cstackBANK1  00000
__LcstackBANK2                                 cstackBANK2  00000
__LcstackCOMMON                                cstackCOMMON 00000
__Leeprom_data                                 eeprom_data  00000
__Lend_init                                    end_init     00002
__Lfunctab                                     functab      00000
__Lidloc                                       idloc        00000
__Linit                                        init         00002
__Lintentry                                    intentry     00002
__Lmaintext                                    maintext     00000
__LnvBANK2                                     nvBANK2      00000
__Lpowerup                                     powerup      00000
__Lram                                         ram          00000
__Lreset_vec                                   reset_vec    00000
__Lsfr0                                        sfr0         00000
__Lsfr1                                        sfr1         00000
__Lsfr10                                       sfr10        00000
__Lsfr11                                       sfr11        00000
__Lsfr12                                       sfr12        00000
__Lsfr13                                       sfr13        00000
__Lsfr14                                       sfr14        00000
__Lsfr15                                       sfr15        00000
__Lsfr16                                       sfr16        00000
__Lsfr17                                       sfr17        00000
__Lsfr18                                       sfr18        00000
__Lsfr19                                       sfr19        00000
__Lsfr2                                        sfr2         00000
__Lsfr20                                       sfr20        00000
__Lsfr21                                       sfr21        00000
__Lsfr22                                       sfr22        00000
__Lsfr23                                       sfr23        00000
__Lsfr24                                       sfr24        00000
__Lsfr25                                       sfr25        00000
__Lsfr26                                       sfr26        00000
__Lsfr27                                       sfr27        00000
__Lsfr28                                       sfr28        00000
__Lsfr29                                       sfr29        00000
__Lsfr3                                        sfr3         00000
__Lsfr30                                       sfr30        00000
__Lsfr31                                       sfr31        00000
__Lsfr4                                        sfr4         00000
__Lsfr5                                        sfr5         00000
__Lsfr6                                        sfr6         00000
__Lsfr7                                        sfr7         00000
__Lsfr8                                        sfr8         00000
__Lsfr9                                        sfr9         00000
__Lspace_0                                     (abs)        00000
__Lspace_1                                     (abs)        00000
__Lspace_2                                     (abs)        00000
__Lspace_3                                     (abs)        00000
__Lstack                                       stack        00000
__Lstrings                                     strings      00000
__Lstringtext1                                 stringtext1  00000
__Lstringtext10                                stringtext10 00000
__Lstringtext11                                stringtext11 00000
__Lstringtext12                                stringtext12 00000
__Lstringtext2                                 stringtext2  00000
__Lstringtext3                                 stringtext3  00000
__Lstringtext4                                 stringtext4  00000
__Lstringtext5                                 stringtext5  00000
__Lstringtext6                                 stringtext6  00000
__Lstringtext7                                 stringtext7  00000
__Lstringtext8                                 stringtext8  00000
__Lstringtext9                                 stringtext9  00000
__Ltext                                        text         00000
__S0                                           (abs)        0800C
__S1                                           (abs)        001F0
__S2                                           (abs)        00000
__S3                                           (abs)        00000
__Umul8_16                                     text39       01FE1
__Umul8_16@multiplicand                        cstackCOMMON 00070
__Umul8_16@multiplier                          cstackCOMMON 00078
__Umul8_16@product                             cstackCOMMON 00074
__Umul8_16@word_mpld                           cstackCOMMON 00076
___aodiv                                       text54       0170D
___aodiv@counter                               cstackCOMMON 00071
___aodiv@dividend                              cstackBANK0  00028
___aodiv@divisor                               cstackBANK0  00020
___aodiv@quotient                              cstackCOMMON 00073
___aodiv@sign                                  cstackCOMMON 00072
___aomod                                       text53       01631
___aomod@counter                               cstackCOMMON 00071
___aomod@dividend                              cstackBANK0  00028
___aomod@divisor                               cstackBANK0  00020
___aomod@sign                                  cstackCOMMON 00072
___awdiv                                       text44       00812
___awdiv@counter                               cstackCOMMON 00075
___awdiv@dividend                              cstackCOMMON 00072
___awdiv@divisor                               cstackCOMMON 00070
___awdiv@quotient                              cstackCOMMON 00077
___awdiv@sign                                  cstackCOMMON 00076
___awmod                                       text43       0112F
___awmod@counter                               cstackCOMMON 00075
___awmod@dividend                              cstackCOMMON 00072
___awmod@divisor                               cstackCOMMON 00070
___awmod@sign                                  cstackCOMMON 00076
___fladd                                       text36       009B4
___fladd@a                                     cstackCOMMON 00074
___fladd@aexp                                  cstackCOMMON 00079
___fladd@b                                     cstackCOMMON 00070
___fladd@bexp                                  cstackCOMMON 0007A
___fladd@grs                                   cstackCOMMON 0007B
___fladd@signs                                 cstackCOMMON 00078
___fldiv                                       text42       0002B
___fldiv@a                                     cstackCOMMON 00070
___fldiv@aexp                                  cstackBANK0  0002C
___fldiv@b                                     cstackCOMMON 00074
___fldiv@bexp                                  cstackBANK0  0002B
___fldiv@grs                                   cstackBANK0  00027
___fldiv@new_exp                               cstackBANK0  00025
___fldiv@rem                                   cstackBANK0  00020
___fldiv@sign                                  cstackBANK0  00024
___fleq                                        text41       01174
___fleq@ff1                                    cstackCOMMON 00070
___fleq@ff2                                    cstackCOMMON 00074
___flge                                        text40       013A4
___flge@ff1                                    cstackBANK0  00048
___flge@ff2                                    cstackBANK0  0004C
___flmul                                       text38       00B9D
___flmul@a                                     cstackBANK0  00032
___flmul@aexp                                  cstackBANK0  00040
___flmul@b                                     cstackBANK0  0002E
___flmul@bexp                                  cstackBANK0  00041
___flmul@grs                                   cstackBANK0  0003C
___flmul@prod                                  cstackBANK0  00042
___flmul@sign                                  cstackBANK0  0003B
___flmul@temp                                  cstackBANK0  00046
___flneg                                       text37       01EDA
___flneg@f1                                    cstackCOMMON 00070
___flsub                                       text35       0101B
___flsub@a                                     cstackBANK0  00048
___flsub@b                                     cstackBANK0  0004C
___fltol                                       text34       0125A
___fltol@exp1                                  cstackCOMMON 0007A
___fltol@f1                                    cstackCOMMON 00070
___fltol@sign1                                 cstackCOMMON 00079
___fpclassifyf                                 text33       0132C
___fpclassifyf@F463                            bssBANK2     0013E
___fpclassifyf@e                               cstackBANK0  00020
___fpclassifyf@u                               cstackBANK0  00022
___fpclassifyf@x                               cstackCOMMON 00070
___int_sp                                      stack        00000
___latbits                                     (abs)        00002
___sp                                          stack        00000
___stackhi                                     (abs)        023EF
___stacklo                                     (abs)        02140
___xxtofl                                      text2        01420
___xxtofl@arg                                  cstackBANK0  0002A
___xxtofl@exp                                  cstackBANK0  00029
___xxtofl@sign                                 cstackBANK0  00028
___xxtofl@val                                  cstackBANK0  00020
__end_of_Backwards                             text23       01F3C
__end_of_CLC1_Initialize                       text19       01F27
__end_of_CLC1_OutputStatusGet                  text22       01EA6
__end_of_EUSART_Initialize                     text15       0109B
__end_of_EUSART_SetErrorHandler                text18       01EB2
__end_of_EUSART_SetFramingErrorHandler         text17       01EB8
__end_of_EUSART_SetOverrunErrorHandler         text16       01EBE
__end_of_EUSART_Write                          text51       01ED2
__end_of_Forward                               text21       01EAC
__end_of_OSCILLATOR_Initialize                 text14       01EEC
__end_of_PIN_MANAGER_Initialize                text13       010FA
__end_of_PMD_Initialize                        text12       01EDA
__end_of_PWM7_Initialize                       text11       01EF7
__end_of_Right                                 text20       01F51
__end_of_SYSTEM_Initialize                     text7        0101B
__end_of_Stop                                  text6        01EC4
__end_of_TMR1_Initialize                       text10       01F7D
__end_of_TMR1_ReadTimer                        text5        01FE1
__end_of_TMR1_StartSinglePulseAcquisition      text4        00803
__end_of_TMR1_WriteTimer                       text3        00812
__end_of_TMR2_Initialize                       text9        01F14
__end_of_TMR6_Initialize                       text8        01F05
__end_of__Umul8_16                             text39       02000
__end_of___aodiv                               text54       01800
__end_of___aomod                               text53       0170D
__end_of___awdiv                               text44       00863
__end_of___awmod                               text43       01174
__end_of___fladd                               text36       00B9D
__end_of___fldiv                               text42       001A5
__end_of___fleq                                text41       011BC
__end_of___flge                                text40       01420
__end_of___flmul                               text38       00DC9
__end_of___flneg                               text37       01EE3
__end_of___flsub                               text35       0103A
__end_of___fltol                               text34       012BF
__end_of___fpclassifyf                         text33       013A4
__end_of___xxtofl                              text2        014B6
__end_of__initialization                       cinit        007FD
__end_of_abs                                   text52       01F94
__end_of_dtoa                                  text45       009B4
__end_of_echo                                  text1        0132C
__end_of_efgtoa                                text28       007EC
__end_of_floorf                                text32       01631
__end_of_fputc                                 text49       0112F
__end_of_fputs                                 text48       0002B
__end_of_isupper                               text30       01FAB
__end_of_main                                  maintext     01559
__end_of_pad                                   text46       0125A
__end_of_printf                                text24       01F67
__end_of_putch                                 text50       01EA1
__end_of_strcpy                                text31       01059
__end_of_strlen                                text47       01FC3
__end_of_strncmp                               text27       0120A
__end_of_tolower                               text29       0107A
__end_of_vfpfcnvrt                             text26       01000
__end_of_vfprintf                              text25       010CA
__initialization                               cinit        007EC
__pbssBANK0                                    bssBANK0     0006F
__pbssBANK2                                    bssBANK2     0013A
__pbssBANK3                                    bssBANK3     001A0
__pcstackBANK0                                 cstackBANK0  00020
__pcstackBANK1                                 cstackBANK1  000A0
__pcstackBANK2                                 cstackBANK2  00120
__pcstackCOMMON                                cstackCOMMON 00070
__pmaintext                                    maintext     014B6
__pnvBANK2                                     nvBANK2      0014A
__pstringtext1                                 stringtext1  01800
__pstringtext10                                stringtext10 01875
__pstringtext11                                stringtext11 01879
__pstringtext12                                stringtext12 00000
__pstringtext2                                 stringtext2  0181A
__pstringtext3                                 stringtext3  0182D
__pstringtext4                                 stringtext4  0183D
__pstringtext5                                 stringtext5  0184D
__pstringtext6                                 stringtext6  0185C
__pstringtext7                                 stringtext7  01869
__pstringtext8                                 stringtext8  0186D
__pstringtext9                                 stringtext9  01871
__ptext1                                       text1        012BF
__ptext10                                      text10       01F67
__ptext11                                      text11       01EEC
__ptext12                                      text12       01ED2
__ptext13                                      text13       010CA
__ptext14                                      text14       01EE3
__ptext15                                      text15       0107A
__ptext16                                      text16       01EB8
__ptext17                                      text17       01EB2
__ptext18                                      text18       01EAC
__ptext19                                      text19       01F14
__ptext2                                       text2        01420
__ptext20                                      text20       01F3C
__ptext21                                      text21       01EA6
__ptext22                                      text22       01EA1
__ptext23                                      text23       01F27
__ptext24                                      text24       01F51
__ptext25                                      text25       0109B
__ptext26                                      text26       00DC9
__ptext27                                      text27       011BC
__ptext28                                      text28       001A5
__ptext29                                      text29       01059
__ptext3                                       text3        00803
__ptext30                                      text30       01F94
__ptext31                                      text31       0103A
__ptext32                                      text32       01559
__ptext33                                      text33       0132C
__ptext34                                      text34       0125A
__ptext35                                      text35       0101B
__ptext36                                      text36       009B4
__ptext37                                      text37       01EDA
__ptext38                                      text38       00B9D
__ptext39                                      text39       01FE1
__ptext4                                       text4        00800
__ptext40                                      text40       013A4
__ptext41                                      text41       01174
__ptext42                                      text42       0002B
__ptext43                                      text43       0112F
__ptext44                                      text44       00812
__ptext45                                      text45       00863
__ptext46                                      text46       0120A
__ptext47                                      text47       01FAB
__ptext48                                      text48       00005
__ptext49                                      text49       010FA
__ptext5                                       text5        01FC3
__ptext50                                      text50       01E9C
__ptext51                                      text51       01ECA
__ptext52                                      text52       01F7D
__ptext53                                      text53       01631
__ptext54                                      text54       0170D
__ptext6                                       text6        01EBE
__ptext7                                       text7        01000
__ptext8                                       text8        01EF7
__ptext9                                       text9        01F05
__size_of_Backwards                            (abs)        00000
__size_of_CLC1_Initialize                      (abs)        00000
__size_of_CLC1_OutputStatusGet                 (abs)        00000
__size_of_EUSART_Initialize                    (abs)        00000
__size_of_EUSART_SetErrorHandler               (abs)        00000
__size_of_EUSART_SetFramingErrorHandler        (abs)        00000
__size_of_EUSART_SetOverrunErrorHandler        (abs)        00000
__size_of_EUSART_Write                         (abs)        00000
__size_of_Forward                              (abs)        00000
__size_of_OSCILLATOR_Initialize                (abs)        00000
__size_of_PIN_MANAGER_Initialize               (abs)        00000
__size_of_PMD_Initialize                       (abs)        00000
__size_of_PWM7_Initialize                      (abs)        00000
__size_of_Right                                (abs)        00000
__size_of_SYSTEM_Initialize                    (abs)        00000
__size_of_Stop                                 (abs)        00000
__size_of_TMR1_Initialize                      (abs)        00000
__size_of_TMR1_ReadTimer                       (abs)        00000
__size_of_TMR1_StartSinglePulseAcquisition     (abs)        00000
__size_of_TMR1_WriteTimer                      (abs)        00000
__size_of_TMR2_Initialize                      (abs)        00000
__size_of_TMR6_Initialize                      (abs)        00000
__size_of__Umul8_16                            (abs)        00000
__size_of___aodiv                              (abs)        00000
__size_of___aomod                              (abs)        00000
__size_of___awdiv                              (abs)        00000
__size_of___awmod                              (abs)        00000
__size_of___fladd                              (abs)        00000
__size_of___fldiv                              (abs)        00000
__size_of___fleq                               (abs)        00000
__size_of___flge                               (abs)        00000
__size_of___flmul                              (abs)        00000
__size_of___flneg                              (abs)        00000
__size_of___flsub                              (abs)        00000
__size_of___fltol                              (abs)        00000
__size_of___fpclassifyf                        (abs)        00000
__size_of___xxtofl                             (abs)        00000
__size_of_abs                                  (abs)        00000
__size_of_dtoa                                 (abs)        00000
__size_of_echo                                 (abs)        00000
__size_of_efgtoa                               (abs)        00000
__size_of_floorf                               (abs)        00000
__size_of_fputc                                (abs)        00000
__size_of_fputs                                (abs)        00000
__size_of_isupper                              (abs)        00000
__size_of_main                                 (abs)        00000
__size_of_pad                                  (abs)        00000
__size_of_printf                               (abs)        00000
__size_of_putch                                (abs)        00000
__size_of_strcpy                               (abs)        00000
__size_of_strlen                               (abs)        00000
__size_of_strncmp                              (abs)        00000
__size_of_tolower                              (abs)        00000
__size_of_vfpfcnvrt                            (abs)        00000
__size_of_vfprintf                             (abs)        00000
_abs                                           text52       01F7D
_dbuf                                          bssBANK3     001A0
_dtoa                                          text45       00863
_dtoa$1387                                     cstackBANK0  0003B
_echo                                          text1        012BF
_efgtoa                                        text28       001A5
_efgtoa$1411                                   cstackBANK1  000A4
_efgtoa$1412                                   cstackBANK1  000A6
_efgtoa$1416                                   cstackBANK1  000A8
_efgtoa$1420                                   cstackBANK1  000AA
_efgtoa$1421                                   cstackBANK1  000AC
_efgtoa$1422                                   cstackBANK1  000AE
_eusartRxLastError                             bssBANK0     0006F
_flags                                         bssBANK2     00148
_floorf                                        text32       01559
_fputc                                         text49       010FA
_fputs                                         text48       00005
_isupper                                       text30       01F94
_main                                          maintext     014B6
_nout                                          bssBANK2     00142
_pad                                           text46       0120A
_prec                                          bssBANK2     00146
_printf                                        text24       01F51
_putch                                         text50       01E9C
_strcpy                                        text31       0103A
_strlen                                        text47       01FAB
_strncmp                                       text27       011BC
_timer1ReloadVal                               nvBANK2      00150
_tolower                                       text29       01059
_tolower$1824                                  cstackCOMMON 0007C
_vfpfcnvrt                                     text26       00DC9
_vfpfcnvrt$1440                                cstackBANK1  000E1
_vfprintf                                      text25       0109B
_width                                         bssBANK2     00144
abs@a                                          cstackCOMMON 00073
btemp                                          (abs)        0007E
clear_ram0                                     clrtext      01EC4
dtoa@d                                         cstackBANK0  00030
dtoa@fp                                        cstackBANK0  0003F
dtoa@i                                         cstackBANK0  0004C
dtoa@n                                         cstackBANK0  00044
dtoa@p                                         cstackBANK0  0003D
dtoa@s                                         cstackBANK0  00042
dtoa@w                                         cstackBANK0  00040
echo@look                                      cstackBANK2  0012E
efgtoa@c                                       cstackBANK0  00058
efgtoa@d                                       cstackBANK1  000B8
efgtoa@e                                       cstackBANK1  000D1
efgtoa@f                                       cstackBANK0  00054
efgtoa@fp                                      cstackBANK1  000BE
efgtoa@g                                       cstackBANK1  000CD
efgtoa@h                                       cstackBANK1  000C3
efgtoa@i                                       cstackBANK1  000CB
efgtoa@l                                       cstackBANK1  000C7
efgtoa@m                                       cstackBANK1  000B4
efgtoa@mode                                    cstackBANK1  000C2
efgtoa@n                                       cstackBANK1  000D3
efgtoa@ne                                      cstackBANK1  000B6
efgtoa@nmode                                   cstackBANK1  000BF
efgtoa@ou                                      cstackBANK1  000A0
efgtoa@p                                       cstackBANK1  000BC
efgtoa@pp                                      cstackBANK1  000B2
efgtoa@sign                                    cstackBANK1  000BA
efgtoa@t                                       cstackBANK1  000B0
efgtoa@u                                       cstackBANK1  000D5
efgtoa@w                                       cstackBANK1  000C0
[...]
Total ram usage:        9 bytes
 Hardware stack levels used:    1
 Hardware stack levels required when called:    4
 This function calls:
		_fputc
		_fputs
		_strlen
 This function is called by:
		_dtoa
		_efgtoa
 This function uses a non-reentrant model


 *************** function _strlen *****************
 Defined at:
		line 12 in file "C:\Program Files (x86)\Microchip\xc8\v2.05\pic\sources\c99\common\strlen.c"
 Parameters:    Size  Location     Type
  s               1    wreg     PTR const unsigned char 
		 -> dbuf(80), 
 Auto vars:     Size  Location     Type
  s               1    4[COMMON] PTR const unsigned char 
		 -> dbuf(80), 
  a               1    3[COMMON] PTR const unsigned char 
		 -> dbuf(80), 
 Return value:  Size  Location     Type
                  2    0[COMMON] unsigned int 
 Registers used:
		wreg, fsr1l, fsr1h, status,2, status,0
 Tracked objects:
		On entry : 
		On exit  : 
		Unchanged: 
 Data sizes:     COMMON   BANK0   BANK1   BANK2   BANK3   BANK4   BANK5   BANK6   BANK7   BANK8   BANK9  BANK10  BANK11  BANK12
      Params:         2       0       0       0       0       0       0       0       0       0       0       0       0       0
      Locals:         2       0       0       0       0       0       0       0       0       0       0       0       0       0
      Temps:          1       0       0       0       0       0       0       0       0       0       0       0       0       0
      Totals:         5       0       0       0       0       0       0       0       0       0       0       0       0       0
Total ram usage:        5 bytes
 Hardware stack levels used:    1
 This function calls:
		Nothing
 This function is called by:
		_pad
 This function uses a non-reentrant model


 *************** function _fputs *****************
 Defined at:
		line 8 in file "C:\Program Files (x86)\Microchip\xc8\v2.05\pic\sources\c99\common\nf_fputs.c"
 Parameters:    Size  Location     Type
  s               1    wreg     PTR const unsigned char 
		 -> dbuf(80), 
  fp              1   10[COMMON] PTR struct _IO_FILE
		 -> NULL(0), 
 Auto vars:     Size  Location     Type
  s               1    3[BANK0 ] PTR const unsigned char 
		 -> dbuf(80), 
  i               2    1[BANK0 ] int 
  c               1    0[BANK0 ] unsigned char 
 Return value:  Size  Location     Type
                  2   10[COMMON] int 
 Registers used:
		wreg, fsr1l, fsr1h, status,2, status,0, pclath, cstack
 Tracked objects:
		On entry : 
		On exit  : 
		Unchanged: 
 Data sizes:     COMMON   BANK0   BANK1   BANK2   BANK3   BANK4   BANK5   BANK6   BANK7   BANK8   BANK9  BANK10  BANK11  BANK12
      Params:         1       0       0       0       0       0       0       0       0       0       0       0       0       0
      Locals:         0       4       0       0       0       0       0       0       0       0       0       0       0       0
      Temps:          3       0       0       0       0       0       0       0       0       0       0       0       0       0
      Totals:         4       4       0       0       0       0       0       0       0       0       0       0       0       0
Total ram usage:        8 bytes
 Hardware stack levels used:    1
 Hardware stack levels required when called:    3
 This function calls:
		_fputc
 This function is called by:
		_pad
 This function uses a non-reentrant model


 *************** function _fputc *****************
 Defined at:
		line 8 in file "C:\Program Files (x86)\Microchip\xc8\v2.05\pic\sources\c99\common\nf_fputc.c"
 Parameters:    Size  Location     Type
  c               2    2[COMMON] int 
  fp              1    4[COMMON] PTR struct _IO_FILE
		 -> NULL(0), 
 Auto vars:     Size  Location     Type
		None
 Return value:  Size  Location     Type
                  2    2[COMMON] int 
 Registers used:
		wreg, fsr1l, fsr1h, status,2, status,0, pclath, cstack
 Tracked objects:
		On entry : 
		On exit  : 
		Unchanged: 
 Data sizes:     COMMON   BANK0   BANK1   BANK2   BANK3   BANK4   BANK5   BANK6   BANK7   BANK8   BANK9  BANK10  BANK11  BANK12
      Params:         3       0       0       0       0       0       0       0       0       0       0       0       0       0
      Locals:         0       0       0       0       0       0       0       0       0       0       0       0       0       0
      Temps:          5       0       0       0       0       0       0       0       0       0       0       0       0       0
      Totals:         8       0       0       0       0       0       0       0       0       0       0       0       0       0
Total ram usage:        8 bytes
 Hardware stack levels used:    1
 Hardware stack levels required when called:    2
 This function calls:
		_putch
 This function is called by:
		_pad
		_vfpfcnvrt
		_fputs
 This function uses a non-reentrant model


 *************** function _putch *****************
 Defined at:
		line 145 in file "mcc_generated_files/eusart.c"
 Parameters:    Size  Location     Type
  txData          1    wreg     unsigned char 
 Auto vars:     Size  Location     Type
  txData          1    1[COMMON] unsigned char 
 Return value:  Size  Location     Type
                  1    wreg      void 
 Registers used:
		wreg, status,2, status,0, pclath, cstack
 Tracked objects:
		On entry : 
		On exit  : 
		Unchanged: 
 Data sizes:     COMMON   BANK0   BANK1   BANK2   BANK3   BANK4   BANK5   BANK6   BANK7   BANK8   BANK9  BANK10  BANK11  BANK12
      Params:         0       0       0       0       0       0       0       0       0       0       0       0       0       0
      Locals:         1       0       0       0       0       0       0       0       0       0       0       0       0       0
      Temps:          0       0       0       0       0       0       0       0       0       0       0       0       0       0
      Totals:         1       0       0       0       0       0       0       0       0       0       0       0       0       0
Total ram usage:        1 bytes
 Hardware stack levels used:    1
 Hardware stack levels required when called:    1
 This function calls:
		_EUSART_Write
 This function is called by:
		_fputc
 This function uses a non-reentrant model


 *************** function _EUSART_Write *****************
 Defined at:
		line 131 in file "mcc_generated_files/eusart.c"
 Parameters:    Size  Location     Type
  txData          1    wreg     unsigned char 
 Auto vars:     Size  Location     Type
  txData          1    0[COMMON] unsigned char 
 Return value:  Size  Location     Type
                  1    wreg      void 
 Registers used:
		wreg
 Tracked objects:
		On entry : 
		On exit  : 
		Unchanged: 
 Data sizes:     COMMON   BANK0   BANK1   BANK2   BANK3   BANK4   BANK5   BANK6   BANK7   BANK8   BANK9  BANK10  BANK11  BANK12
      Params:         0       0       0       0       0       0       0       0       0       0       0       0       0       0
      Locals:         1       0       0       0       0       0       0       0       0       0       0       0       0       0
      Temps:          0       0       0       0       0       0       0       0       0       0       0       0       0       0
      Totals:         1       0       0       0       0       0       0       0       0       0       0       0       0       0
Total ram usage:        1 bytes
 Hardware stack levels used:    1
 This function calls:
		Nothing
 This function is called by:
		_putch
 This function uses a non-reentrant model


 *************** function _abs *****************
 Defined at:
		line 1 in file "C:\Program Files (x86)\Microchip\xc8\v2.05\pic\sources\c99\common\abs.c"
 Parameters:    Size  Location     Type
  a               2    3[COMMON] int 
 Auto vars:     Size  Location     Type
		None
 Return value:  Size  Location     Type
                  2    3[COMMON] int 
 Registers used:
		wreg, status,2, status,0
 Tracked objects:
		On entry : 
		On exit  : 
		Unchanged: 
 Data sizes:     COMMON   BANK0   BANK1   BANK2   BANK3   BANK4   BANK5   BANK6   BANK7   BANK8   BANK9  BANK10  BANK11  BANK12
      Params:         2       0       0       0       0       0       0       0       0       0       0       0       0       0
      Locals:         0       0       0       0       0       0       0       0       0       0       0       0       0       0
      Temps:          2       0       0       0       0       0       0       0       0       0       0       0       0       0
      Totals:         4       0       0       0       0       0       0       0       0       0       0       0       0       0
Total ram usage:        4 bytes
 Hardware stack levels used:    1
 This function calls:
		Nothing
 This function is called by:
		_dtoa
 This function uses a non-reentrant model


 *************** function ___aomod *****************
 Defined at:
		line 7 in file "C:\Program Files (x86)\Microchip\xc8\v2.05\pic\sources\c99\common\aomod.c"
 Parameters:    Size  Location     Type
  divisor         8    0[BANK0 ] long long 
  dividend        8    8[BANK0 ] long long 
 Auto vars:     Size  Location     Type
  sign            1    2[COMMON] unsigned char 
  counter         1    1[COMMON] unsigned char 
 Return value:  Size  Location     Type
                  8    0[BANK0 ] long long 
 Registers used:
		wreg, fsr1l, fsr1h, status,2, status,0
 Tracked objects:
		On entry : 
		On exit  : 
		Unchanged: 
 Data sizes:     COMMON   BANK0   BANK1   BANK2   BANK3   BANK4   BANK5   BANK6   BANK7   BANK8   BANK9  BANK10  BANK11  BANK12
      Params:         0      16       0       0       0       0       0       0       0       0       0       0       0       0
      Locals:         2       0       0       0       0       0       0       0       0       0       0       0       0       0
      Temps:          1       0       0       0       0       0       0       0       0       0       0       0       0       0
      Totals:         3      16       0       0       0       0       0       0       0       0       0       0       0       0
Total ram usage:       19 bytes
 Hardware stack levels used:    1
 This function calls:
		Nothing
 This function is called by:
		_dtoa
 This function uses a non-reentrant model


 *************** function ___aodiv *****************
 Defined at:
		line 7 in file "C:\Program Files (x86)\Microchip\xc8\v2.05\pic\sources\c99\common\aodiv.c"
 Parameters:    Size  Location     Type
  divisor         8    0[BANK0 ] long long 
  dividend        8    8[BANK0 ] long long 
 Auto vars:     Size  Location     Type
  quotient        8    3[COMMON] long long 
  sign            1    2[COMMON] unsigned char 
  counter         1    1[COMMON] unsigned char 
 Return value:  Size  Location     Type
                  8    0[BANK0 ] long long 
 Registers used:
		wreg, fsr1l, fsr1h, status,2, status,0
 Tracked objects:
		On entry : 
		On exit  : 
		Unchanged: 
 Data sizes:     COMMON   BANK0   BANK1   BANK2   BANK3   BANK4   BANK5   BANK6   BANK7   BANK8   BANK9  BANK10  BANK11  BANK12
      Params:         0      16       0       0       0       0       0       0       0       0       0       0       0       0
      Locals:        10       0       0       0       0       0       0       0       0       0       0       0       0       0
      Temps:          1       0       0       0       0       0       0       0       0       0       0       0       0       0
      Totals:        11      16       0       0       0       0       0       0       0       0       0       0       0       0
Total ram usage:       27 bytes
 Hardware stack levels used:    1
 This function calls:
		Nothing
 This function is called by:
		_dtoa
 This function uses a non-reentrant model



MODULE INFORMATION

Module		Function		Class		Link	Load	Size
mcc_generated_files/tmr6.c
		_TMR6_Initialize		CODE           	1EF7	0000	15

mcc_generated_files/tmr6.c estimated size: 15

C:\Program Files (x86)\Microchip\xc8\v2.05\pic\sources\c99\common\awmod.c
		___awmod       		CODE           	112F	0000	70

C:\Program Files (x86)\Microchip\xc8\v2.05\pic\sources\c99\common\awmod.c estimated size: 70

C:\Program Files (x86)\Microchip\xc8\v2.05\pic\sources\c99\common\printf.c
		_printf        		CODE           	1F51	0000	23

C:\Program Files (x86)\Microchip\xc8\v2.05\pic\sources\c99\common\printf.c estimated size: 23

C:\Program Files (x86)\Microchip\xc8\v2.05\pic\sources\c99\common\__fpclassifyf.c
		___fpclassifyf 		CODE           	132C	0000	121

C:\Program Files (x86)\Microchip\xc8\v2.05\pic\sources\c99\common\__fpclassifyf.c estimated size: 121

C:\Program Files (x86)\Microchip\xc8\v2.05\pic\sources\c99\common\floorf.c
		_floorf        		CODE           	1559	0000	217

C:\Program Files (x86)\Microchip\xc8\v2.05\pic\sources\c99\common\floorf.c estimated size: 217

mcc_generated_files/tmr2.c
		_TMR2_Initialize		CODE           	1F05	0000	16

mcc_generated_files/tmr2.c estimated size: 16

C:\Program Files (x86)\Microchip\xc8\v2.05\pic\sources\c99\common\flge.c
		___flge        		CODE           	13A4	0000	125

C:\Program Files (x86)\Microchip\xc8\v2.05\pic\sources\c99\common\flge.c estimated size: 125

C:\Program Files (x86)\Microchip\xc8\v2.05\pic\sources\c99\common\nf_fputc.c
		_fputc         		CODE           	10FA	0000	54

C:\Program Files (x86)\Microchip\xc8\v2.05\pic\sources\c99\common\nf_fputc.c estimated size: 54

mcc_generated_files/pin_manager.c
		_PIN_MANAGER_Initialize		CODE           	10CA	0000	49

mcc_generated_files/pin_manager.c estimated size: 49

C:\Program Files (x86)\Microchip\xc8\v2.05\pic\sources\c99\common\aodiv.c
		___aodiv       		CODE           	170D	0000	244

C:\Program Files (x86)\Microchip\xc8\v2.05\pic\sources\c99\common\aodiv.c estimated size: 244

C:\Program Files (x86)\Microchip\xc8\v2.05\pic\sources\c99\common\xxtofl.c
		___xxtofl      		CODE           	1420	0000	151

C:\Program Files (x86)\Microchip\xc8\v2.05\pic\sources\c99\common\xxtofl.c estimated size: 151

C:\Program Files (x86)\Microchip\xc8\v2.05\pic\sources\c99\common\isupper.c
		_isupper       		CODE           	1F94	0000	24

C:\Program Files (x86)\Microchip\xc8\v2.05\pic\sources\c99\common\isupper.c estimated size: 24

C:\Program Files (x86)\Microchip\xc8\v2.05\pic\sources\c99\common\strlen.c
		_strlen        		CODE           	1FAB	0000	25

C:\Program Files (x86)\Microchip\xc8\v2.05\pic\sources\c99\common\strlen.c estimated size: 25

C:\Program Files (x86)\Microchip\xc8\v2.05\pic\sources\c99\common\strcpy.c
		_strcpy        		CODE           	103A	0000	32

C:\Program Files (x86)\Microchip\xc8\v2.05\pic\sources\c99\common\strcpy.c estimated size: 32

C:\Program Files (x86)\Microchip\xc8\v2.05\pic\sources\c99\common\awdiv.c
		___awdiv       		CODE           	0812	0000	82

C:\Program Files (x86)\Microchip\xc8\v2.05\pic\sources\c99\common\awdiv.c estimated size: 82

C:\Program Files (x86)\Microchip\xc8\v2.05\pic\sources\c99\common\fltol.c
		___fltol       		CODE           	125A	0000	102

C:\Program Files (x86)\Microchip\xc8\v2.05\pic\sources\c99\common\fltol.c estimated size: 102

C:\Program Files (x86)\Microchip\xc8\v2.05\pic\sources\c99\common\strncmp.c
		_strncmp       		CODE           	11BC	0000	79

C:\Program Files (x86)\Microchip\xc8\v2.05\pic\sources\c99\common\strncmp.c estimated size: 79

C:\Program Files (x86)\Microchip\xc8\v2.05\pic\sources\c99\common\tolower.c
		_tolower       		CODE           	1059	0000	34

C:\Program Files (x86)\Microchip\xc8\v2.05\pic\sources\c99\common\tolower.c estimated size: 34

C:\Program Files (x86)\Microchip\xc8\v2.05\pic\sources\c99\common\sprcmul.c
		___flmul       		CODE           	0B9D	0000	557

C:\Program Files (x86)\Microchip\xc8\v2.05\pic\sources\c99\common\sprcmul.c estimated size: 557

mcc_generated_files/pwm7.c
		_PWM7_Initialize		CODE           	1EEC	0000	12

mcc_generated_files/pwm7.c estimated size: 12

C:\Program Files (x86)\Microchip\xc8\v2.05\pic\sources\c99\common\sprcdiv.c
		___fldiv       		CODE           	002B	0000	379

C:\Program Files (x86)\Microchip\xc8\v2.05\pic\sources\c99\common\sprcdiv.c estimated size: 379

C:\Program Files (x86)\Microchip\xc8\v2.05\pic\sources\c99\common\doprnt.c
		_vfpfcnvrt     		CODE           	0DC9	0000	568
		_efgtoa        		CODE           	01A5	0000	1608
		_pad           		CODE           	120A	0000	81
		_dtoa          		CODE           	0863	0000	338
		_vfprintf      		CODE           	109B	0000	48

C:\Program Files (x86)\Microchip\xc8\v2.05\pic\sources\c99\common\doprnt.c estimated size: 2643

shared
		__initialization		CODE           	07EC	0000	18

shared estimated size: 18

mcc_generated_files/mcc.c
		_PMD_Initialize		CODE           	1ED2	0000	9
		_OSCILLATOR_Initialize		CODE           	1EE3	0000	10
		_SYSTEM_Initialize		CODE           	1000	0000	28

mcc_generated_files/mcc.c estimated size: 47

mcc_generated_files/tmr1.c
		_TMR1_Initialize		CODE           	1F67	0000	23
		_TMR1_StartSinglePulseAcquisition		CODE           	0800	0000	4
		_TMR1_WriteTimer		CODE           	0803	0000	16
		_TMR1_ReadTimer		CODE           	1FC3	0000	31

mcc_generated_files/tmr1.c estimated size: 74

C:\Program Files (x86)\Microchip\xc8\v2.05\pic\sources\c99\common\fleq.c
		___fleq        		CODE           	1174	0000	73

C:\Program Files (x86)\Microchip\xc8\v2.05\pic\sources\c99\common\fleq.c estimated size: 73

C:\Program Files (x86)\Microchip\xc8\v2.05\pic\sources\c99\common\abs.c
		_abs           		CODE           	1F7D	0000	24

C:\Program Files (x86)\Microchip\xc8\v2.05\pic\sources\c99\common\abs.c estimated size: 24

C:\Program Files (x86)\Microchip\xc8\v2.05\pic\sources\c99\common\nf_fputs.c
		_fputs         		CODE           	0005	0000	39

C:\Program Files (x86)\Microchip\xc8\v2.05\pic\sources\c99\common\nf_fputs.c estimated size: 39

C:\Program Files (x86)\Microchip\xc8\v2.05\pic\sources\c99\common\flneg.c
		___flneg       		CODE           	1EDA	0000	10

C:\Program Files (x86)\Microchip\xc8\v2.05\pic\sources\c99\common\flneg.c estimated size: 10

mcc_generated_files/eusart.c
		_putch         		CODE           	1E9C	0000	6
		_EUSART_Write  		CODE           	1ECA	0000	9
		_EUSART_Initialize		CODE           	107A	0000	34
		_EUSART_SetFramingErrorHandler		CODE           	1EB2	0000	7
		_EUSART_SetErrorHandler		CODE           	1EAC	0000	7
		_EUSART_SetOverrunErrorHandler		CODE           	1EB8	0000	7

mcc_generated_files/eusart.c estimated size: 70

C:\Program Files (x86)\Microchip\xc8\v2.05\pic\sources\c99\common\Umul8_16.c
		__Umul8_16     		CODE           	1FE1	0000	32

C:\Program Files (x86)\Microchip\xc8\v2.05\pic\sources\c99\common\Umul8_16.c estimated size: 32

main.c
		_Forward       		CODE           	1EA6	0000	7
		_echo          		CODE           	12BF	0000	110
		_main          		CODE           	14B6	0000	164
		_Right         		CODE           	1F3C	0000	22
		_Backwards     		CODE           	1F27	0000	22
		_Stop          		CODE           	1EBE	0000	7

main.c estimated size: 332

C:\Program Files (x86)\Microchip\xc8\v2.05\pic\sources\c99\common\sprcadd.c
		___flsub       		CODE           	101B	0000	32
		___fladd       		CODE           	09B4	0000	490

C:\Program Files (x86)\Microchip\xc8\v2.05\pic\sources\c99\common\sprcadd.c estimated size: 522

C:\Program Files (x86)\Microchip\xc8\v2.05\pic\sources\c99\common\aomod.c
		___aomod       		CODE           	1631	0000	221

C:\Program Files (x86)\Microchip\xc8\v2.05\pic\sources\c99\common\aomod.c estimated size: 221

mcc_generated_files/clc1.c
		_CLC1_Initialize		CODE           	1F14	0000	20
		_CLC1_OutputStatusGet		CODE           	1EA1	0000	6

mcc_generated_files/clc1.c estimated size: 26

